// Vitest Snapshot v1, https://vitest.dev/guide/snapshot.html

exports[`Error component > matches snapshot 1`] = `
<DocumentFragment>
  <style
    data-mantine-styles="classes"
  >
    @media (max-width: 35.99375em) {.mantine-visible-from-xs {display: none !important;}}@media (min-width: 36em) {.mantine-hidden-from-xs {display: none !important;}}@media (max-width: 47.99375em) {.mantine-visible-from-sm {display: none !important;}}@media (min-width: 48em) {.mantine-hidden-from-sm {display: none !important;}}@media (max-width: 61.99375em) {.mantine-visible-from-md {display: none !important;}}@media (min-width: 62em) {.mantine-hidden-from-md {display: none !important;}}@media (max-width: 74.99375em) {.mantine-visible-from-lg {display: none !important;}}@media (min-width: 75em) {.mantine-hidden-from-lg {display: none !important;}}@media (max-width: 87.99375em) {.mantine-visible-from-xl {display: none !important;}}@media (min-width: 88em) {.mantine-hidden-from-xl {display: none !important;}}
  </style>
  <div
    class="_root_f2d29a m_7485cace mantine-Container-root"
  >
    <div
      class="_label_f2d29a"
    >
      Error
    </div>
    <h1
      class="_title_f2d29a m_8a5d1357 mantine-Title-root"
      data-order="1"
      style="--title-fw: var(--mantine-h1-font-weight); --title-lh: var(--mantine-h1-line-height); --title-fz: var(--mantine-h1-font-size);"
    >
      Something went wrong.
    </h1>
    <p
      class="mantine-focus-auto _description_f2d29a m_b6d8b162 mantine-Text-root"
      data-size="lg"
      style="--text-fz: var(--mantine-font-size-lg); --text-lh: var(--mantine-line-height-lg); text-align: center;"
    >
      Please contact your administrator or try refreshing the page.
    </p>
    <div
      class="m_4081bf90 mantine-Group-root"
      style="--group-gap: var(--mantine-spacing-md); --group-align: center; --group-justify: center; --group-wrap: wrap;"
    />
  </div>
</DocumentFragment>
`;
